[db] Initialised at /home/workspace/office-late-reminder/office_late_reminder.db
2026-05-09 02:26:10 +08 | INFO  | telethon_client.telethon_sender: Telethon authorized as: gAb™️
2026-05-09 02:26:10 +08 | INFO  | __main__: Telethon background loop started
2026-05-09 02:26:10 +08 | INFO  | __main__: === Office Late Reminder starting ===
2026-05-09 02:26:10 +08 | INFO  | __main__: Scheduler disabled — use /testprompt to trigger manually
2026-05-09 02:26:10 +08 | INFO  | telegram.ext.Application: Application started
2026-05-09 02:26:39 +08 | INFO  | services.workflow_service: Prompt started req=f19c4045 user=user_xxxxxx677
2026-05-09 02:26:41 +08 | INFO  | services.nudge_service: Nudge cancelled req=f19c4045
2026-05-09 02:26:41 +08 | ERROR | telegram.ext.Application: No error handlers are registered, logging exception.
Traceback (most recent call last):
  File "/usr/local/lib/python3.12/site-packages/telegram/ext/_application.py", line 1298, in process_update
    await coroutine
  File "/usr/local/lib/python3.12/site-packages/telegram/ext/_handlers/basehandler.py", line 158, in handle_update
    return await self.callback(update, context)
           ^^^^^^^^^^^^^^^^^^^^^^^^^^^^^^^^^^^^
  File "/home/workspace/office-late-reminder/telegram_handlers/callback_handlers.py", line 46, in cb_root
    result = workflow.handle_extend_preset(req_id, user_id, minutes)
             ^^^^^^^^^^^^^^^^^^^^^^^^^^^^^^^^^^^^^^^^^^^^^^^^^^^^^^^
  File "/home/workspace/office-late-reminder/services/workflow_service.py", line 146, in handle_extend_preset
    req = _prompt_repo.get(req_id)
          ^^^^^^^^^^^^^^^^^^^^^^^^
  File "/home/workspace/office-late-reminder/repositories/prompt_repository.py", line 58, in get
    return self._row_to_model(row) if row else None
           ^^^^^^^^^^^^^^^^^^^^^^^
  File "/home/workspace/office-late-reminder/repositories/prompt_repository.py", line 190, in _row_to_model
    id=row["id"],
       ~~~^^^^^^
TypeError: tuple indices must be integers or slices, not str
2026-05-09 02:26:53 +08 | INFO  | services.nudge_service: Nudge cancelled req=f19c4045
2026-05-09 02:26:53 +08 | ERROR | telegram.ext.Application: No error handlers are registered, logging exception.
Traceback (most recent call last):
  File "/usr/local/lib/python3.12/site-packages/telegram/ext/_application.py", line 1298, in process_update
    await coroutine
  File "/usr/local/lib/python3.12/site-packages/telegram/ext/_handlers/basehandler.py", line 158, in handle_update
    return await self.callback(update, context)
           ^^^^^^^^^^^^^^^^^^^^^^^^^^^^^^^^^^^^
  File "/home/workspace/office-late-reminder/telegram_handlers/callback_handlers.py", line 46, in cb_root
    result = workflow.handle_extend_preset(req_id, user_id, minutes)
             ^^^^^^^^^^^^^^^^^^^^^^^^^^^^^^^^^^^^^^^^^^^^^^^^^^^^^^^
  File "/home/workspace/office-late-reminder/services/workflow_service.py", line 146, in handle_extend_preset
    req = _prompt_repo.get(req_id)
          ^^^^^^^^^^^^^^^^^^^^^^^^
  File "/home/workspace/office-late-reminder/repositories/prompt_repository.py", line 58, in get
    return self._row_to_model(row) if row else None
           ^^^^^^^^^^^^^^^^^^^^^^^
  File "/home/workspace/office-late-reminder/repositories/prompt_repository.py", line 190, in _row_to_model
    id=row["id"],
       ~~~^^^^^^
TypeError: tuple indices must be integers or slices, not str
